Command line invocation:
    /Applications/Xcode.app/Contents/Developer/usr/bin/xcodebuild test -scheme College -destination platform=macOS "-only-testing:CollegeTests/CourseLeafLiveSiteSmokeTests/testCMUCourseLeafLiveCrawl"

Resolve Package Graph


Resolved source packages:
  mlx-swift-lm: https://github.com/ml-explore/mlx-swift-lm @ 3.31.3
  swift-numerics: https://github.com/apple/swift-numerics @ 1.1.1
  swift-collections: https://github.com/apple/swift-collections.git @ 1.5.1
  CollegePlatform: /Users/timothy/Desktop/College/CollegePlatform @ local
  CollegeCalendar: /Users/timothy/Desktop/College/Packages/CollegeCalendar @ local
  SwiftSoup: https://github.com/scinfu/SwiftSoup @ 2.13.5
  swift-asn1: https://github.com/apple/swift-asn1.git @ 1.7.0
  swift-crypto: https://github.com/apple/swift-crypto.git @ 4.5.0
  CollegeDesignSystem: /Users/timothy/Desktop/College/Packages/CollegeDesignSystem @ local
  swift-transformers: https://github.com/huggingface/swift-transformers @ 1.1.9
  CollegeCareer: /Users/timothy/Desktop/College/Packages/CollegeCareer @ local
  yyjson: https://github.com/ibireme/yyjson.git @ 0.12.0
  mlx-swift: https://github.com/ml-explore/mlx-swift @ 0.31.4
  swift-syntax: https://github.com/swiftlang/swift-syntax.git @ 600.0.1
  CollegeAcademics: /Users/timothy/Desktop/College/Packages/CollegeAcademics @ local
  Jinja: https://github.com/huggingface/swift-jinja.git @ 2.3.6

ComputePackagePrebuildTargetDependencyGraph

Prepare packages

CreateBuildRequest

SendProjectDescription

CreateBuildOperation

ComputeTargetDependencyGraph
note: Building targets in dependency order
note: Target dependency graph (54 targets)
    Target 'CollegeUITests' in project 'College'
        ➜ Explicit dependency on target 'College' in project 'College'
    Target 'CollegeTests' in project 'College'
        ➜ Explicit dependency on target 'College' in project 'College'
        ➜ Explicit dependency on target 'CollegeCalendar' in project 'CollegeCalendar'
        ➜ Explicit dependency on target 'CollegeAcademics' in project 'CollegeAcademics'
        ➜ Explicit dependency on target 'CollegeCareer' in project 'CollegeCareer'
        ➜ Explicit dependency on target 'CollegeDesignSystem' in project 'CollegeDesignSystem'
    Target 'College' in project 'College'
        ➜ Explicit dependency on target 'SwiftSoup' in project 'SwiftSoup'
        ➜ Explicit dependency on target 'MLXLMCommon' in project 'mlx-swift-lm'
        ➜ Explicit dependency on target 'MLXLLM' in project 'mlx-swift-lm'
        ➜ Explicit dependency on target 'MLXEmbedders' in project 'mlx-swift-lm'
        ➜ Explicit dependency on target 'Tokenizers' in project 'swift-transformers'
        ➜ Explicit dependency on target 'MLXOptimizers' in project 'mlx-swift'
        ➜ Explicit dependency on target 'MLXNN' in project 'mlx-swift'
        ➜ Explicit dependency on target 'MLX' in project 'mlx-swift'
        ➜ Explicit dependency on target 'MLXRandom' in project 'mlx-swift'
        ➜ Explicit dependency on target 'CollegePlatform' in project 'CollegePlatform'
        ➜ Explicit dependency on target 'CollegeCalendar' in project 'CollegeCalendar'
        ➜ Explicit dependency on target 'CollegeAcademics' in project 'CollegeAcademics'
        ➜ Explicit dependency on target 'CollegeCareer' in project 'CollegeCareer'
        ➜ Explicit dependency on target 'CollegeDesignSystem' in project 'CollegeDesignSystem'
    Target 'CollegeCareer' in project 'CollegeCareer'
        ➜ Explicit dependency on target 'CollegeCareer' in project 'CollegeCareer'
        ➜ Explicit dependency on target 'CollegeCareer_CollegeCareer' in project 'CollegeCareer'
        ➜ Explicit dependency on target 'CollegePlatform' in project 'CollegePlatform'
        ➜ Explicit dependency on target 'CollegeDesignSystem' in project 'CollegeDesignSystem'
    Target 'CollegeCareer' in project 'CollegeCareer'
        ➜ Explicit dependency on target 'CollegeCareer_CollegeCareer' in project 'CollegeCareer'
        ➜ Explicit dependency on target 'CollegePlatform' in project 'CollegePlatform'
        ➜ Explicit dependency on target 'CollegeDesignSystem' in project 'CollegeDesignSystem'
    Target 'CollegeCareer_CollegeCareer' in project 'CollegeCareer' (no dependencies)
    Target 'CollegeAcademics' in project 'CollegeAcademics'
        ➜ Explicit dependency on target 'CollegeAcademics' in project 'CollegeAcademics'
        ➜ Explicit dependency on target 'CollegeAcademics_CollegeAcademics' in project 'CollegeAcademics'
        ➜ Explicit dependency on target 'CollegePlatform' in project 'CollegePlatform'
        ➜ Explicit dependency on target 'CollegeDesignSystem' in project 'CollegeDesignSystem'
    Target 'CollegeAcademics' in project 'CollegeAcademics'
        ➜ Explicit dependency on target 'CollegeAcademics_CollegeAcademics' in project 'CollegeAcademics'
        ➜ Explicit dependency on target 'CollegePlatform' in project 'CollegePlatform'
        ➜ Explicit dependency on target 'CollegeDesignSystem' in project 'CollegeDesignSystem'
    Target 'CollegeAcademics_CollegeAcademics' in project 'CollegeAcademics' (no dependencies)
    Target 'CollegeCalendar' in project 'CollegeCalendar'
        ➜ Explicit dependency on target 'CollegeCalendar' in project 'CollegeCalendar'
        ➜ Explicit dependency on target 'CollegeCalendar_CollegeCalendar' in project 'CollegeCalendar'
        ➜ Explicit dependency on target 'CollegePlatform' in project 'CollegePlatform'
        ➜ Explicit dependency on target 'CollegeDesignSystem' in project 'CollegeDesignSystem'
    Target 'CollegeCalendar' in project 'CollegeCalendar'
        ➜ Explicit dependency on target 'CollegeCalendar_CollegeCalendar' in project 'CollegeCalendar'
        ➜ Explicit dependency on target 'CollegePlatform' in project 'CollegePlatform'
        ➜ Explicit dependency on target 'CollegeDesignSystem' in project 'CollegeDesignSystem'
    Target 'CollegeDesignSystem' in project 'CollegeDesignSystem'
        ➜ Explicit dependency on target 'CollegeDesignSystem' in project 'CollegeDesignSystem'
        ➜ Explicit dependency on target 'CollegeDesignSystem_CollegeDesignSystem' in project 'CollegeDesignSystem'
    Target 'CollegeDesignSystem' in project 'CollegeDesignSystem'
        ➜ Explicit dependency on target 'CollegeDesignSystem_CollegeDesignSystem' in project 'CollegeDesignSystem'
    Target 'CollegeDesignSystem_CollegeDesignSystem' in project 'CollegeDesignSystem' (no dependencies)
    Target 'CollegeCalendar_CollegeCalendar' in project 'CollegeCalendar' (no dependencies)
    Target 'CollegePlatform' in project 'CollegePlatform'
        ➜ Explicit dependency on target 'CollegePlatform' in project 'CollegePlatform'
    Target 'CollegePlatform' in project 'CollegePlatform' (no dependencies)
    Target 'MLXRandom' in project 'mlx-swift'
        ➜ Explicit dependency on target 'MLXRandom' in project 'mlx-swift'
        ➜ Explicit dependency on target 'Cmlx' in project 'mlx-swift'
        ➜ Explicit dependency on target 'MLX' in project 'mlx-swift'
        ➜ Explicit dependency on target 'Numerics' in project 'swift-numerics'
    Target 'MLXRandom' in project 'mlx-swift'
        ➜ Explicit dependency on target 'Cmlx' in project 'mlx-swift'
        ➜ Explicit dependency on target 'MLX' in project 'mlx-swift'
        ➜ Explicit dependency on target 'Numerics' in project 'swift-numerics'
    Target 'Tokenizers' in project 'swift-transformers'
        ➜ Explicit dependency on target 'Tokenizers' in project 'swift-transformers'
        ➜ Explicit dependency on target 'Hub' in project 'swift-transformers'
        ➜ Explicit dependency on target 'Jinja' in project 'Jinja'
        ➜ Explicit dependency on target 'OrderedCollections' in project 'swift-collections'
        ➜ Explicit dependency on target 'Crypto' in project 'swift-crypto'
        ➜ Explicit dependency on target 'yyjson' in project 'yyjson'
    Target 'Tokenizers' in project 'swift-transformers'
        ➜ Explicit dependency on target 'Hub' in project 'swift-transformers'
        ➜ Explicit dependency on target 'Jinja' in project 'Jinja'
        ➜ Explicit dependency on target 'OrderedCollections' in project 'swift-collections'
        ➜ Explicit dependency on target 'Crypto' in project 'swift-crypto'
        ➜ Explicit dependency on target 'yyjson' in project 'yyjson'
    Target 'Hub' in project 'swift-transformers'
        ➜ Explicit dependency on target 'swift-transformers_Hub' in project 'swift-transformers'
        ➜ Explicit dependency on target 'Jinja' in project 'Jinja'
        ➜ Explicit dependency on target 'OrderedCollections' in project 'swift-collections'
        ➜ Explicit dependency on target 'Crypto' in project 'swift-crypto'
        ➜ Explicit dependency on target 'yyjson' in project 'yyjson'
    Target 'yyjson' in project 'yyjson'
        ➜ Explicit dependency on target 'yyjson' in project 'yyjson'
    Target 'yyjson' in project 'yyjson' (no dependencies)
    Target 'Crypto' in project 'swift-crypto'
        ➜ Explicit dependency on target 'Crypto' in project 'swift-crypto'
        ➜ Explicit dependency on target 'swift-crypto_Crypto' in project 'swift-crypto'
    Target 'Crypto' in project 'swift-crypto'
        ➜ Explicit dependency on target 'swift-crypto_Crypto' in project 'swift-crypto'
    Target 'swift-crypto_Crypto' in project 'swift-crypto' (no dependencies)
    Target 'Jinja' in project 'Jinja'
        ➜ Explicit dependency on target 'Jinja' in project 'Jinja'
        ➜ Explicit dependency on target 'OrderedCollections' in project 'swift-collections'
    Target 'Jinja' in project 'Jinja'
        ➜ Explicit dependency on target 'OrderedCollections' in project 'swift-collections'
    Target 'OrderedCollections' in project 'swift-collections'
        ➜ Explicit dependency on target 'OrderedCollections' in project 'swift-collections'
        ➜ Explicit dependency on target 'InternalCollectionsUtilities' in project 'swift-collections'
    Target 'OrderedCollections' in project 'swift-collections'
        ➜ Explicit dependency on target 'InternalCollectionsUtilities' in project 'swift-collections'
    Target 'InternalCollectionsUtilities' in project 'swift-collections' (no dependencies)
    Target 'swift-transformers_Hub' in project 'swift-transformers' (no dependencies)
    Target 'MLXEmbedders' in project 'mlx-swift-lm'
        ➜ Explicit dependency on target 'MLXEmbedders' in project 'mlx-swift-lm'
        ➜ Explicit dependency on target 'MLXLMCommon' in project 'mlx-swift-lm'
        ➜ Explicit dependency on target 'MLX' in project 'mlx-swift'
        ➜ Explicit dependency on target 'MLXNN' in project 'mlx-swift'
        ➜ Explicit dependency on target 'MLXOptimizers' in project 'mlx-swift'
    Target 'MLXEmbedders' in project 'mlx-swift-lm'
        ➜ Explicit dependency on target 'MLXLMCommon' in project 'mlx-swift-lm'
        ➜ Explicit dependency on target 'MLX' in project 'mlx-swift'
        ➜ Explicit dependency on target 'MLXNN' in project 'mlx-swift'
        ➜ Explicit dependency on target 'MLXOptimizers' in project 'mlx-swift'
    Target 'MLXLLM' in project 'mlx-swift-lm'
        ➜ Explicit dependency on target 'MLXLLM' in project 'mlx-swift-lm'
        ➜ Explicit dependency on target 'MLXLMCommon' in project 'mlx-swift-lm'
        ➜ Explicit dependency on target 'MLX' in project 'mlx-swift'
        ➜ Explicit dependency on target 'MLXNN' in project 'mlx-swift'
        ➜ Explicit dependency on target 'MLXOptimizers' in project 'mlx-swift'
    Target 'MLXLLM' in project 'mlx-swift-lm'
        ➜ Explicit dependency on target 'MLXLMCommon' in project 'mlx-swift-lm'
        ➜ Explicit dependency on target 'MLX' in project 'mlx-swift'
        ➜ Explicit dependency on target 'MLXNN' in project 'mlx-swift'
        ➜ Explicit dependency on target 'MLXOptimizers' in project 'mlx-swift'
    Target 'MLXLMCommon' in project 'mlx-swift-lm'
        ➜ Explicit dependency on target 'MLXLMCommon' in project 'mlx-swift-lm'
        ➜ Explicit dependency on target 'MLX' in project 'mlx-swift'
        ➜ Explicit dependency on target 'MLXNN' in project 'mlx-swift'
        ➜ Explicit dependency on target 'MLXOptimizers' in project 'mlx-swift'
    Target 'MLXLMCommon' in project 'mlx-swift-lm'
        ➜ Explicit dependency on target 'MLX' in project 'mlx-swift'
        ➜ Explicit dependency on target 'MLXNN' in project 'mlx-swift'
        ➜ Explicit dependency on target 'MLXOptimizers' in project 'mlx-swift'
    Target 'MLXOptimizers' in project 'mlx-swift'
        ➜ Explicit dependency on target 'MLXOptimizers' in project 'mlx-swift'
        ➜ Explicit dependency on target 'Cmlx' in project 'mlx-swift'
        ➜ Explicit dependency on target 'MLX' in project 'mlx-swift'
        ➜ Explicit dependency on target 'MLXNN' in project 'mlx-swift'
        ➜ Explicit dependency on target 'Numerics' in project 'swift-numerics'
    Target 'MLXOptimizers' in project 'mlx-swift'
        ➜ Explicit dependency on target 'Cmlx' in project 'mlx-swift'
        ➜ Explicit dependency on target 'MLX' in project 'mlx-swift'
        ➜ Explicit dependency on target 'MLXNN' in project 'mlx-swift'
        ➜ Explicit dependency on target 'Numerics' in project 'swift-numerics'
    Target 'MLXNN' in project 'mlx-swift'
        ➜ Explicit dependency on target 'MLXNN' in project 'mlx-swift'
        ➜ Explicit dependency on target 'Cmlx' in project 'mlx-swift'
        ➜ Explicit dependency on target 'MLX' in project 'mlx-swift'
        ➜ Explicit dependency on target 'Numerics' in project 'swift-numerics'
    Target 'MLXNN' in project 'mlx-swift'
        ➜ Explicit dependency on target 'Cmlx' in project 'mlx-swift'
        ➜ Explicit dependency on target 'MLX' in project 'mlx-swift'
        ➜ Explicit dependency on target 'Numerics' in project 'swift-numerics'
    Target 'MLX' in project 'mlx-swift'
        ➜ Explicit dependency on target 'MLX' in project 'mlx-swift'
        ➜ Explicit dependency on target 'Cmlx' in project 'mlx-swift'
        ➜ Explicit dependency on target 'Numerics' in project 'swift-numerics'
    Target 'MLX' in project 'mlx-swift'
        ➜ Explicit dependency on target 'Cmlx' in project 'mlx-swift'
        ➜ Explicit dependency on target 'Numerics' in project 'swift-numerics'
    Target 'Numerics' in project 'swift-numerics'
        ➜ Explicit dependency on target 'Numerics' in project 'swift-numerics'
        ➜ Explicit dependency on target '_NumericsShims' in project 'swift-numerics'
        ➜ Explicit dependency on target 'RealModule' in project 'swift-numerics'
        ➜ Explicit dependency on target 'ComplexModule' in project 'swift-numerics'
    Target 'Numerics' in project 'swift-numerics'
        ➜ Explicit dependency on target '_NumericsShims' in project 'swift-numerics'
        ➜ Explicit dependency on target 'RealModule' in project 'swift-numerics'
        ➜ Explicit dependency on target 'ComplexModule' in project 'swift-numerics'
    Target 'ComplexModule' in project 'swift-numerics'
        ➜ Explicit dependency on target '_NumericsShims' in project 'swift-numerics'
        ➜ Explicit dependency on target 'RealModule' in project 'swift-numerics'
    Target 'RealModule' in project 'swift-numerics'
        ➜ Explicit dependency on target '_NumericsShims' in project 'swift-numerics'
    Target '_NumericsShims' in project 'swift-numerics' (no dependencies)
    Target 'Cmlx' in project 'mlx-swift'
        ➜ Explicit dependency on target 'mlx-swift_Cmlx' in project 'mlx-swift'
    Target 'mlx-swift_Cmlx' in project 'mlx-swift' (no dependencies)
    Target 'SwiftSoup' in project 'SwiftSoup'
        ➜ Explicit dependency on target 'SwiftSoup' in project 'SwiftSoup'
    Target 'SwiftSoup' in project 'SwiftSoup' (no dependencies)

GatherProvisioningInputs

CreateBuildDescription

ExecuteExternalTool /Applications/Xcode.app/Contents/Developer/Toolchains/XcodeDefault.xctoolchain/usr/bin/clang -v -E -dM -arch arm64 -isysroot /Applications/Xcode.app/Contents/Developer/Platforms/MacOSX.platform/Developer/SDKs/MacOSX26.5.sdk -x c -c /dev/null

ExecuteExternalTool /Applications/Xcode.app/Contents/Developer/Toolchains/XcodeDefault.xctoolchain/usr/bin/swiftc --version

ExecuteExternalTool /Applications/Xcode.app/Contents/Developer/Toolchains/XcodeDefault.xctoolchain/usr/bin/clang -v -E -dM -arch arm64 -isysroot /Applications/Xcode.app/Contents/Developer/Platforms/MacOSX.platform/Developer/SDKs/MacOSX26.5.sdk -x objective-c -c /dev/null

ExecuteExternalTool /Applications/Xcode.app/Contents/Developer/usr/bin/xcstringstool compile --dry-run --output-directory /Users/timothy/Library/Developer/Xcode/DerivedData/College-epvsvfynvajfchhepfkvpvqvkjfx/Build/Intermediates.noindex/CollegeCalendar.build/Debug/CollegeCalendar_CollegeCalendar.build /Users/timothy/Desktop/College/Packages/CollegeCalendar/Sources/CollegeCalendar/Resources/Localizable.xcstrings

ExecuteExternalTool /Applications/Xcode.app/Contents/Developer/usr/bin/actool --version --output-format xml1

ExecuteExternalTool /Applications/Xcode.app/Contents/Developer/usr/bin/xcstringstool compile --dry-run --output-directory /Users/timothy/Library/Developer/Xcode/DerivedData/College-epvsvfynvajfchhepfkvpvqvkjfx/Build/Intermediates.noindex/CollegeAcademics.build/Debug/CollegeAcademics_CollegeAcademics.build /Users/timothy/Desktop/College/Packages/CollegeAcademics/Sources/CollegeAcademics/Resources/Localizable.xcstrings

ExecuteExternalTool /Applications/Xcode.app/Contents/Developer/usr/bin/xcstringstool compile --dry-run --output-directory /Users/timothy/Library/Developer/Xcode/DerivedData/College-epvsvfynvajfchhepfkvpvqvkjfx/Build/Intermediates.noindex/CollegeCareer.build/Debug/CollegeCareer_CollegeCareer.build /Users/timothy/Desktop/College/Packages/CollegeCareer/Sources/CollegeCareer/Resources/Localizable.xcstrings

ExecuteExternalTool /Applications/Xcode.app/Contents/Developer/Toolchains/XcodeDefault.xctoolchain/usr/bin/clang -v -E -dM -isysroot /Applications/Xcode.app/Contents/Developer/Platforms/MacOSX.platform/Developer/SDKs/MacOSX26.5.sdk -x c -c /dev/null

ExecuteExternalTool /Applications/Xcode.app/Contents/Developer/Toolchains/XcodeDefault.xctoolchain/usr/bin/ld -version_details

ExecuteExternalTool /Applications/Xcode.app/Contents/Developer/Toolchains/XcodeDefault.xctoolchain/usr/bin/clang -v -E -dM -arch arm64 -isysroot /Applications/Xcode.app/Contents/Developer/Platforms/MacOSX.platform/Developer/SDKs/MacOSX26.5.sdk -x c++ -c /dev/null

ExecuteExternalTool /usr/bin/what -q /Applications/Xcode.app/Contents/Developer/Toolchains/XcodeDefault.xctoolchain/usr/bin/coremlc

ReadFileContents /Applications/Xcode.app/Contents/Developer/Toolchains/XcodeDefault.xctoolchain/usr/share/docc/features.json

ExecuteExternalTool /Applications/Xcode.app/Contents/Developer/Toolchains/XcodeDefault.xctoolchain/usr/bin/coremlc generate /Users/timothy/Desktop/College/College/Features/Assistant/IntentClassifier.mlmodel /Users/timothy/Library/Developer/Xcode/DerivedData/College-epvsvfynvajfchhepfkvpvqvkjfx/Build/Intermediates.noindex/College.build/Debug/College.build/DerivedSources/CoreMLGenerated/IntentClassifier --dry-run yes --deployment-target 26.4 --sdkroot /Applications/Xcode.app/Contents/Developer/Platforms/MacOSX.platform/Developer/SDKs/MacOSX26.5.sdk --platform macos --output-partial-info-plist /Users/timothy/Library/Developer/Xcode/DerivedData/College-epvsvfynvajfchhepfkvpvqvkjfx/Build/Intermediates.noindex/College.build/Debug/College.build/IntentClassifier-CoreMLPartialInfo.plist --container bundle-resources --language Swift --swift-version 6.3

ExecuteExternalTool /Applications/Xcode.app/Contents/Developer/usr/bin/xcstringstool compile --dry-run --output-directory /Users/timothy/Library/Developer/Xcode/DerivedData/College-epvsvfynvajfchhepfkvpvqvkjfx/Build/Intermediates.noindex/College.build/Debug/College.build /Users/timothy/Desktop/College/College/Localizable.xcstrings

Build description signature: 9d6f08191d16e6f67549a924b66df8a9
Build description path: /Users/timothy/Library/Developer/Xcode/DerivedData/College-epvsvfynvajfchhepfkvpvqvkjfx/Build/Intermediates.noindex/XCBuildData/9d6f08191d16e6f67549a924b66df8a9.xcbuilddata
ProcessInfoPlistFile /Users/timothy/Library/Developer/Xcode/DerivedData/College-epvsvfynvajfchhepfkvpvqvkjfx/Build/Products/Debug/CollegeAcademics_CollegeAcademics.bundle/Contents/Info.plist /Users/timothy/Library/Developer/Xcode/DerivedData/College-epvsvfynvajfchhepfkvpvqvkjfx/Build/Intermediates.noindex/CollegeAcademics.build/Debug/CollegeAcademics_CollegeAcademics.build/empty-CollegeAcademics_CollegeAcademics.plist (in target 'CollegeAcademics_CollegeAcademics' from project 'CollegeAcademics')
    cd /Users/timothy/Desktop/College/Packages/CollegeAcademics
    builtin-infoPlistUtility /Users/timothy/Library/Developer/Xcode/DerivedData/College-epvsvfynvajfchhepfkvpvqvkjfx/Build/Intermediates.noindex/CollegeAcademics.build/Debug/CollegeAcademics_CollegeAcademics.build/empty-CollegeAcademics_CollegeAcademics.plist -producttype com.apple.product-type.bundle -expandbuildsettings -platform macosx -o /Users/timothy/Library/Developer/Xcode/DerivedData/College-epvsvfynvajfchhepfkvpvqvkjfx/Build/Products/Debug/CollegeAcademics_CollegeAcademics.bundle/Contents/Info.plist

ClangStatCache /Applications/Xcode.app/Contents/Developer/Toolchains/XcodeDefault.xctoolchain/usr/bin/clang-stat-cache /Applications/Xcode.app/Contents/Developer/Platforms/MacOSX.platform/Developer/SDKs/MacOSX26.5.sdk /Users/timothy/Library/Developer/Xcode/DerivedData/SDKStatCaches.noindex/macosx26.5-25F70-688ef53f1462e2c8f657fdc38a81448fe082c4a02f00227109f4ed75e425c832.sdkstatcache
    cd /Users/timothy/Desktop/College/College.xcodeproj
    /Applications/Xcode.app/Contents/Developer/Toolchains/XcodeDefault.xctoolchain/usr/bin/clang-stat-cache /Applications/Xcode.app/Contents/Developer/Platforms/MacOSX.platform/Developer/SDKs/MacOSX26.5.sdk -o /Users/timothy/Library/Developer/Xcode/DerivedData/SDKStatCaches.noindex/macosx26.5-25F70-688ef53f1462e2c8f657fdc38a81448fe082c4a02f00227109f4ed75e425c832.sdkstatcache

ProcessInfoPlistFile /Users/timothy/Library/Developer/Xcode/DerivedData/College-epvsvfynvajfchhepfkvpvqvkjfx/Build/Products/Debug/PackageFrameworks/CollegePlatform_-6F9C6BB28DA8EFF1_PackageProduct.framework/Versions/A/Resources/Info.plist /Users/timothy/Library/Developer/Xcode/DerivedData/College-epvsvfynvajfchhepfkvpvqvkjfx/Build/Intermediates.noindex/CollegePlatform.build/Debug/CollegePlatform\ product.build/empty-CollegePlatform_-6F9C6BB28DA8EFF1_PackageProduct.plist (in target 'CollegePlatform' from project 'CollegePlatform')
    cd /Users/timothy/Desktop/College/CollegePlatform
    builtin-infoPlistUtility /Users/timothy/Library/Developer/Xcode/DerivedData/College-epvsvfynvajfchhepfkvpvqvkjfx/Build/Intermediates.noindex/CollegePlatform.build/Debug/CollegePlatform\ product.build/empty-CollegePlatform_-6F9C6BB28DA8EFF1_PackageProduct.plist -producttype com.apple.product-type.framework -expandbuildsettings -platform macosx -o /Users/timothy/Library/Developer/Xcode/DerivedData/College-epvsvfynvajfchhepfkvpvqvkjfx/Build/Products/Debug/PackageFrameworks/CollegePlatform_-6F9C6BB28DA8EFF1_PackageProduct.framework/Versions/A/Resources/Info.plist

ProcessInfoPlistFile /Users/timothy/Library/Developer/Xcode/DerivedData/College-epvsvfynvajfchhepfkvpvqvkjfx/Build/Products/Debug/CollegeDesignSystem_CollegeDesignSystem.bundle/Contents/Info.plist /Users/timothy/Library/Developer/Xcode/DerivedData/College-epvsvfynvajfchhepfkvpvqvkjfx/Build/Intermediates.noindex/CollegeDesignSystem.build/Debug/CollegeDesignSystem_CollegeDesignSystem.build/empty-CollegeDesignSystem_CollegeDesignSystem.plist (in target 'CollegeDesignSystem_CollegeDesignSystem' from project 'CollegeDesignSystem')
    cd /Users/timothy/Desktop/College/Packages/CollegeDesignSystem
    builtin-infoPlistUtility /Users/timothy/Library/Developer/Xcode/DerivedData/College-epvsvfynvajfchhepfkvpvqvkjfx/Build/Intermediates.noindex/CollegeDesignSystem.build/Debug/CollegeDesignSystem_CollegeDesignSystem.build/empty-CollegeDesignSystem_CollegeDesignSystem.plist -producttype com.apple.product-type.bundle -expandbuildsettings -platform macosx -additionalcontentfile /Users/timothy/Library/Developer/Xcode/DerivedData/College-epvsvfynvajfchhepfkvpvqvkjfx/Build/Intermediates.noindex/CollegeDesignSystem.build/Debug/CollegeDesignSystem_CollegeDesignSystem.build/assetcatalog_generated_info.plist -o /Users/timothy/Library/Developer/Xcode/DerivedData/College-epvsvfynvajfchhepfkvpvqvkjfx/Build/Products/Debug/CollegeDesignSystem_CollegeDesignSystem.bundle/Contents/Info.plist

ProcessInfoPlistFile /Users/timothy/Library/Developer/Xcode/DerivedData/College-epvsvfynvajfchhepfkvpvqvkjfx/Build/Products/Debug/PackageFrameworks/CollegeDesignSystem_-8EAA6EFB0962A53_PackageProduct.framework/Versions/A/Resources/Info.plist /Users/timothy/Library/Developer/Xcode/DerivedData/College-epvsvfynvajfchhepfkvpvqvkjfx/Build/Intermediates.noindex/CollegeDesignSystem.build/Debug/CollegeDesignSystem\ product.build/empty-CollegeDesignSystem_-8EAA6EFB0962A53_PackageProduct.plist (in target 'CollegeDesignSystem' from project 'CollegeDesignSystem')
    cd /Users/timothy/Desktop/College/Packages/CollegeDesignSystem
    builtin-infoPlistUtility /Users/timothy/Library/Developer/Xcode/DerivedData/College-epvsvfynvajfchhepfkvpvqvkjfx/Build/Intermediates.noindex/CollegeDesignSystem.build/Debug/CollegeDesignSystem\ product.build/empty-CollegeDesignSystem_-8EAA6EFB0962A53_PackageProduct.plist -producttype com.apple.product-type.framework -expandbuildsettings -platform macosx -o /Users/timothy/Library/Developer/Xcode/DerivedData/College-epvsvfynvajfchhepfkvpvqvkjfx/Build/Products/Debug/PackageFrameworks/CollegeDesignSystem_-8EAA6EFB0962A53_PackageProduct.framework/Versions/A/Resources/Info.plist

ProcessInfoPlistFile /Users/timothy/Library/Developer/Xcode/DerivedData/College-epvsvfynvajfchhepfkvpvqvkjfx/Build/Products/Debug/PackageFrameworks/CollegeAcademics_-4329A9097F7A7DBB_PackageProduct.framework/Versions/A/Resources/Info.plist /Users/timothy/Library/Developer/Xcode/DerivedData/College-epvsvfynvajfchhepfkvpvqvkjfx/Build/Intermediates.noindex/CollegeAcademics.build/Debug/CollegeAcademics\ product.build/empty-CollegeAcademics_-4329A9097F7A7DBB_PackageProduct.plist (in target 'CollegeAcademics' from project 'CollegeAcademics')
    cd /Users/timothy/Desktop/College/Packages/CollegeAcademics
    builtin-infoPlistUtility /Users/timothy/Library/Developer/Xcode/DerivedData/College-epvsvfynvajfchhepfkvpvqvkjfx/Build/Intermediates.noindex/CollegeAcademics.build/Debug/CollegeAcademics\ product.build/empty-CollegeAcademics_-4329A9097F7A7DBB_PackageProduct.plist -producttype com.apple.product-type.framework -expandbuildsettings -platform macosx -o /Users/timothy/Library/Developer/Xcode/DerivedData/College-epvsvfynvajfchhepfkvpvqvkjfx/Build/Products/Debug/PackageFrameworks/CollegeAcademics_-4329A9097F7A7DBB_PackageProduct.framework/Versions/A/Resources/Info.plist

ProcessInfoPlistFile /Users/timothy/Library/Developer/Xcode/DerivedData/College-epvsvfynvajfchhepfkvpvqvkjfx/Build/Products/Debug/CollegeCalendar_CollegeCalendar.bundle/Contents/Info.plist /Users/timothy/Library/Developer/Xcode/DerivedData/College-epvsvfynvajfchhepfkvpvqvkjfx/Build/Intermediates.noindex/CollegeCalendar.build/Debug/CollegeCalendar_CollegeCalendar.build/empty-CollegeCalendar_CollegeCalendar.plist (in target 'CollegeCalendar_CollegeCalendar' from project 'CollegeCalendar')
    cd /Users/timothy/Desktop/College/Packages/CollegeCalendar
    builtin-infoPlistUtility /Users/timothy/Library/Developer/Xcode/DerivedData/College-epvsvfynvajfchhepfkvpvqvkjfx/Build/Intermediates.noindex/CollegeCalendar.build/Debug/CollegeCalendar_CollegeCalendar.build/empty-CollegeCalendar_CollegeCalendar.plist -producttype com.apple.product-type.bundle -expandbuildsettings -platform macosx -o /Users/timothy/Library/Developer/Xcode/DerivedData/College-epvsvfynvajfchhepfkvpvqvkjfx/Build/Products/Debug/CollegeCalendar_CollegeCalendar.bundle/Contents/Info.plist

ProcessInfoPlistFile /Users/timothy/Library/Developer/Xcode/DerivedData/College-epvsvfynvajfchhepfkvpvqvkjfx/Build/Products/Debug/PackageFrameworks/CollegeCalendar_7E86BBC92F2BDEE4_PackageProduct.framework/Versions/A/Resources/Info.plist /Users/timothy/Library/Developer/Xcode/DerivedData/College-epvsvfynvajfchhepfkvpvqvkjfx/Build/Intermediates.noindex/CollegeCalendar.build/Debug/CollegeCalendar\ product.build/empty-CollegeCalendar_7E86BBC92F2BDEE4_PackageProduct.plist (in target 'CollegeCalendar' from project 'CollegeCalendar')
    cd /Users/timothy/Desktop/College/Packages/CollegeCalendar
    builtin-infoPlistUtility /Users/timothy/Library/Developer/Xcode/DerivedData/College-epvsvfynvajfchhepfkvpvqvkjfx/Build/Intermediates.noindex/CollegeCalendar.build/Debug/CollegeCalendar\ product.build/empty-CollegeCalendar_7E86BBC92F2BDEE4_PackageProduct.plist -producttype com.apple.product-type.framework -expandbuildsettings -platform macosx -o /Users/timothy/Library/Developer/Xcode/DerivedData/College-epvsvfynvajfchhepfkvpvqvkjfx/Build/Products/Debug/PackageFrameworks/CollegeCalendar_7E86BBC92F2BDEE4_PackageProduct.framework/Versions/A/Resources/Info.plist

ProcessInfoPlistFile /Users/timothy/Library/Developer/Xcode/DerivedData/College-epvsvfynvajfchhepfkvpvqvkjfx/Build/Products/Debug/mlx-swift_Cmlx.bundle/Contents/Info.plist /Users/timothy/Library/Developer/Xcode/DerivedData/College-epvsvfynvajfchhepfkvpvqvkjfx/Build/Intermediates.noindex/mlx-swift.build/Debug/mlx-swift_Cmlx.build/empty-mlx-swift_Cmlx.plist (in target 'mlx-swift_Cmlx' from project 'mlx-swift')
    cd /Users/timothy/Library/Developer/Xcode/DerivedData/College-epvsvfynvajfchhepfkvpvqvkjfx/SourcePackages/checkouts/mlx-swift
    builtin-infoPlistUtility /Users/timothy/Library/Developer/Xcode/DerivedData/College-epvsvfynvajfchhepfkvpvqvkjfx/Build/Intermediates.noindex/mlx-swift.build/Debug/mlx-swift_Cmlx.build/empty-mlx-swift_Cmlx.plist -producttype com.apple.product-type.bundle -expandbuildsettings -platform macosx -o /Users/timothy/Library/Developer/Xcode/DerivedData/College-epvsvfynvajfchhepfkvpvqvkjfx/Build/Products/Debug/mlx-swift_Cmlx.bundle/Contents/Info.plist

ProcessInfoPlistFile /Users/timothy/Library/Developer/Xcode/DerivedData/College-epvsvfynvajfchhepfkvpvqvkjfx/Build/Products/Debug/CollegeCareer_CollegeCareer.bundle/Contents/Info.plist /Users/timothy/Library/Developer/Xcode/DerivedData/College-epvsvfynvajfchhepfkvpvqvkjfx/Build/Intermediates.noindex/CollegeCareer.build/Debug/CollegeCareer_CollegeCareer.build/empty-CollegeCareer_CollegeCareer.plist (in target 'CollegeCareer_CollegeCareer' from project 'CollegeCareer')
    cd /Users/timothy/Desktop/College/Packages/CollegeCareer
    builtin-infoPlistUtility /Users/timothy/Library/Developer/Xcode/DerivedData/College-epvsvfynvajfchhepfkvpvqvkjfx/Build/Intermediates.noindex/CollegeCareer.build/Debug/CollegeCareer_CollegeCareer.build/empty-CollegeCareer_CollegeCareer.plist -producttype com.apple.product-type.bundle -expandbuildsettings -platform macosx -o /Users/timothy/Library/Developer/Xcode/DerivedData/College-epvsvfynvajfchhepfkvpvqvkjfx/Build/Products/Debug/CollegeCareer_CollegeCareer.bundle/Contents/Info.plist

ProcessInfoPlistFile /Users/timothy/Library/Developer/Xcode/DerivedData/College-epvsvfynvajfchhepfkvpvqvkjfx/Build/Products/Debug/PackageFrameworks/CollegeCareer_17F9C394D2AB8A1A_PackageProduct.framework/Versions/A/Resources/Info.plist /Users/timothy/Library/Developer/Xcode/DerivedData/College-epvsvfynvajfchhepfkvpvqvkjfx/Build/Intermediates.noindex/CollegeCareer.build/Debug/CollegeCareer\ product.build/empty-CollegeCareer_17F9C394D2AB8A1A_PackageProduct.plist (in target 'CollegeCareer' from project 'CollegeCareer')
    cd /Users/timothy/Desktop/College/Packages/CollegeCareer
    builtin-infoPlistUtility /Users/timothy/Library/Developer/Xcode/DerivedData/College-epvsvfynvajfchhepfkvpvqvkjfx/Build/Intermediates.noindex/CollegeCareer.build/Debug/CollegeCareer\ product.build/empty-CollegeCareer_17F9C394D2AB8A1A_PackageProduct.plist -producttype com.apple.product-type.framework -expandbuildsettings -platform macosx -o /Users/timothy/Library/Developer/Xcode/DerivedData/College-epvsvfynvajfchhepfkvpvqvkjfx/Build/Products/Debug/PackageFrameworks/CollegeCareer_17F9C394D2AB8A1A_PackageProduct.framework/Versions/A/Resources/Info.plist

ProcessInfoPlistFile /Users/timothy/Library/Developer/Xcode/DerivedData/College-epvsvfynvajfchhepfkvpvqvkjfx/Build/Products/Debug/swift-transformers_Hub.bundle/Contents/Info.plist /Users/timothy/Library/Developer/Xcode/DerivedData/College-epvsvfynvajfchhepfkvpvqvkjfx/Build/Intermediates.noindex/swift-transformers.build/Debug/swift-transformers_Hub.build/empty-swift-transformers_Hub.plist (in target 'swift-transformers_Hub' from project 'swift-transformers')
    cd /Users/timothy/Library/Developer/Xcode/DerivedData/College-epvsvfynvajfchhepfkvpvqvkjfx/SourcePackages/checkouts/swift-transformers
    builtin-infoPlistUtility /Users/timothy/Library/Developer/Xcode/DerivedData/College-epvsvfynvajfchhepfkvpvqvkjfx/Build/Intermediates.noindex/swift-transformers.build/Debug/swift-transformers_Hub.build/empty-swift-transformers_Hub.plist -producttype com.apple.product-type.bundle -expandbuildsettings -platform macosx -o /Users/timothy/Library/Developer/Xcode/DerivedData/College-epvsvfynvajfchhepfkvpvqvkjfx/Build/Products/Debug/swift-transformers_Hub.bundle/Contents/Info.plist

ProcessInfoPlistFile /Users/timothy/Library/Developer/Xcode/DerivedData/College-epvsvfynvajfchhepfkvpvqvkjfx/Build/Products/Debug/swift-crypto_Crypto.bundle/Contents/Info.plist /Users/timothy/Library/Developer/Xcode/DerivedData/College-epvsvfynvajfchhepfkvpvqvkjfx/Build/Intermediates.noindex/swift-crypto.build/Debug/swift-crypto_Crypto.build/empty-swift-crypto_Crypto.plist (in target 'swift-crypto_Crypto' from project 'swift-crypto')
    cd /Users/timothy/Library/Developer/Xcode/DerivedData/College-epvsvfynvajfchhepfkvpvqvkjfx/SourcePackages/checkouts/swift-crypto
    builtin-infoPlistUtility /Users/timothy/Library/Developer/Xcode/DerivedData/College-epvsvfynvajfchhepfkvpvqvkjfx/Build/Intermediates.noindex/swift-crypto.build/Debug/swift-crypto_Crypto.build/empty-swift-crypto_Crypto.plist -producttype com.apple.product-type.bundle -expandbuildsettings -platform macosx -o /Users/timothy/Library/Developer/Xcode/DerivedData/College-epvsvfynvajfchhepfkvpvqvkjfx/Build/Products/Debug/swift-crypto_Crypto.bundle/Contents/Info.plist

CopySwiftLibs /Users/timothy/Library/Developer/Xcode/DerivedData/College-epvsvfynvajfchhepfkvpvqvkjfx/Build/Products/Debug/College.app (in target 'College' from project 'College')
    cd /Users/timothy/Desktop/College
    builtin-swiftStdLibTool --copy --verbose --sign 2C23443886681E96C8185BC625E1A1722999289C --scan-executable /Users/timothy/Library/Developer/Xcode/DerivedData/College-epvsvfynvajfchhepfkvpvqvkjfx/Build/Products/Debug/College.app/Contents/MacOS/College.debug.dylib --scan-folder /Users/timothy/Library/Developer/Xcode/DerivedData/College-epvsvfynvajfchhepfkvpvqvkjfx/Build/Products/Debug/College.app/Contents/Frameworks --scan-folder /Users/timothy/Library/Developer/Xcode/DerivedData/College-epvsvfynvajfchhepfkvpvqvkjfx/Build/Products/Debug/College.app/Contents/PlugIns --scan-folder /Users/timothy/Library/Developer/Xcode/DerivedData/College-epvsvfynvajfchhepfkvpvqvkjfx/Build/Products/Debug/College.app/Contents/Library/SystemExtensions --scan-folder /Users/timothy/Library/Developer/Xcode/DerivedData/College-epvsvfynvajfchhepfkvpvqvkjfx/Build/Products/Debug/College.app/Contents/Extensions --scan-folder /Applications/Xcode.app/Contents/Developer/Platforms/MacOSX.platform/Developer/SDKs/MacOSX26.5.sdk/System/Library/Frameworks/FoundationModels.framework --scan-folder /Applications/Xcode.app/Contents/Developer/Platforms/MacOSX.platform/Developer/SDKs/MacOSX26.5.sdk/System/Library/Frameworks/Translation.framework --scan-folder /Users/timothy/Library/Developer/Xcode/DerivedData/College-epvsvfynvajfchhepfkvpvqvkjfx/Build/Products/Debug/PackageFrameworks/CollegePlatform_-6F9C6BB28DA8EFF1_PackageProduct.framework --scan-folder /Users/timothy/Library/Developer/Xcode/DerivedData/College-epvsvfynvajfchhepfkvpvqvkjfx/Build/Products/Debug/PackageFrameworks/CollegeCalendar_7E86BBC92F2BDEE4_PackageProduct.framework --scan-folder /Users/timothy/Library/Developer/Xcode/DerivedData/College-epvsvfynvajfchhepfkvpvqvkjfx/Build/Products/Debug/PackageFrameworks/CollegeAcademics_-4329A9097F7A7DBB_PackageProduct.framework --scan-folder /Users/timothy/Library/Developer/Xcode/DerivedData/College-epvsvfynvajfchhepfkvpvqvkjfx/Build/Products/Debug/PackageFrameworks/CollegeCareer_17F9C394D2AB8A1A_PackageProduct.framework --scan-folder /Users/timothy/Library/Developer/Xcode/DerivedData/College-epvsvfynvajfchhepfkvpvqvkjfx/Build/Products/Debug/PackageFrameworks/CollegeDesignSystem_-8EAA6EFB0962A53_PackageProduct.framework --platform macosx --toolchain /var/run/com.apple.security.cryptexd/mnt/com.apple.MobileAsset.MetalToolchain-v17.6.42.0.e6Gx1r/Metal.xctoolchain --toolchain /Applications/Xcode.app/Contents/Developer/Toolchains/XcodeDefault.xctoolchain --destination /Users/timothy/Library/Developer/Xcode/DerivedData/College-epvsvfynvajfchhepfkvpvqvkjfx/Build/Products/Debug/College.app/Contents/Frameworks --strip-bitcode --strip-bitcode-tool /Applications/Xcode.app/Contents/Developer/Toolchains/XcodeDefault.xctoolchain/usr/bin/bitcode_strip --emit-dependency-info /Users/timothy/Library/Developer/Xcode/DerivedData/College-epvsvfynvajfchhepfkvpvqvkjfx/Build/Intermediates.noindex/College.build/Debug/College.build/SwiftStdLibToolInputDependencies.dep --filter-for-swift-os

ProcessInfoPlistFile /Users/timothy/Library/Developer/Xcode/DerivedData/College-epvsvfynvajfchhepfkvpvqvkjfx/Build/Products/Debug/College.app/Contents/Info.plist /Users/timothy/Desktop/College/College/Info.plist (in target 'College' from project 'College')
    cd /Users/timothy/Desktop/College
    builtin-infoPlistUtility /Users/timothy/Desktop/College/College/Info.plist -producttype com.apple.product-type.application -genpkginfo /Users/timothy/Library/Developer/Xcode/DerivedData/College-epvsvfynvajfchhepfkvpvqvkjfx/Build/Products/Debug/College.app/Contents/PkgInfo -expandbuildsettings -platform macosx -additionalcontentfile /Users/timothy/Library/Developer/Xcode/DerivedData/College-epvsvfynvajfchhepfkvpvqvkjfx/Build/Intermediates.noindex/College.build/Debug/College.build/IntentClassifier-CoreMLPartialInfo.plist -scanforprivacyfile /Users/timothy/Library/Developer/Xcode/DerivedData/College-epvsvfynvajfchhepfkvpvqvkjfx/Build/Products/Debug/College.app/Contents/Frameworks/CollegeAcademics_-4329A9097F7A7DBB_PackageProduct.framework -scanforprivacyfile /Users/timothy/Library/Developer/Xcode/DerivedData/College-epvsvfynvajfchhepfkvpvqvkjfx/Build/Products/Debug/College.app/Contents/Frameworks/CollegeCalendar_7E86BBC92F2BDEE4_PackageProduct.framework -scanforprivacyfile /Users/timothy/Library/Developer/Xcode/DerivedData/College-epvsvfynvajfchhepfkvpvqvkjfx/Build/Products/Debug/College.app/Contents/Frameworks/CollegeCareer_17F9C394D2AB8A1A_PackageProduct.framework -scanforprivacyfile /Users/timothy/Library/Developer/Xcode/DerivedData/College-epvsvfynvajfchhepfkvpvqvkjfx/Build/Products/Debug/College.app/Contents/Frameworks/CollegeDesignSystem_-8EAA6EFB0962A53_PackageProduct.framework -scanforprivacyfile /Users/timothy/Library/Developer/Xcode/DerivedData/College-epvsvfynvajfchhepfkvpvqvkjfx/Build/Products/Debug/College.app/Contents/Frameworks/CollegePlatform_-6F9C6BB28DA8EFF1_PackageProduct.framework -scanforprivacyfile /Users/timothy/Library/Developer/Xcode/DerivedData/College-epvsvfynvajfchhepfkvpvqvkjfx/Build/Products/Debug/College.app/Contents/Resources/CollegeAcademics_CollegeAcademics.bundle -scanforprivacyfile /Users/timothy/Library/Developer/Xcode/DerivedData/College-epvsvfynvajfchhepfkvpvqvkjfx/Build/Products/Debug/College.app/Contents/Resources/CollegeCalendar_CollegeCalendar.bundle -scanforprivacyfile /Users/timothy/Library/Developer/Xcode/DerivedData/College-epvsvfynvajfchhepfkvpvqvkjfx/Build/Products/Debug/College.app/Contents/Resources/CollegeCareer_CollegeCareer.bundle -scanforprivacyfile /Users/timothy/Library/Developer/Xcode/DerivedData/College-epvsvfynvajfchhepfkvpvqvkjfx/Build/Products/Debug/College.app/Contents/Resources/CollegeDesignSystem_CollegeDesignSystem.bundle -scanforprivacyfile /Users/timothy/Library/Developer/Xcode/DerivedData/College-epvsvfynvajfchhepfkvpvqvkjfx/Build/Products/Debug/College.app/Contents/Resources/mlx-swift_Cmlx.bundle -scanforprivacyfile /Users/timothy/Library/Developer/Xcode/DerivedData/College-epvsvfynvajfchhepfkvpvqvkjfx/Build/Products/Debug/College.app/Contents/Resources/swift-crypto_Crypto.bundle -scanforprivacyfile /Users/timothy/Library/Developer/Xcode/DerivedData/College-epvsvfynvajfchhepfkvpvqvkjfx/Build/Products/Debug/College.app/Contents/Resources/swift-transformers_Hub.bundle -o /Users/timothy/Library/Developer/Xcode/DerivedData/College-epvsvfynvajfchhepfkvpvqvkjfx/Build/Products/Debug/College.app/Contents/Info.plist

ProcessInfoPlistFile /Users/timothy/Library/Developer/Xcode/DerivedData/College-epvsvfynvajfchhepfkvpvqvkjfx/Build/Products/Debug/College.app/Contents/PlugIns/CollegeTests.xctest/Contents/Info.plist /Users/timothy/Desktop/College/CollegeTests/Info.plist (in target 'CollegeTests' from project 'College')
    cd /Users/timothy/Desktop/College
    builtin-infoPlistUtility /Users/timothy/Desktop/College/CollegeTests/Info.plist -producttype com.apple.product-type.bundle.unit-test -expandbuildsettings -platform macosx -scanforprivacyfile /Users/timothy/Library/Developer/Xcode/DerivedData/College-epvsvfynvajfchhepfkvpvqvkjfx/Build/Products/Debug/College.app/Contents/PlugIns/CollegeTests.xctest/Contents/Resources/CollegeAcademics_CollegeAcademics.bundle -scanforprivacyfile /Users/timothy/Library/Developer/Xcode/DerivedData/College-epvsvfynvajfchhepfkvpvqvkjfx/Build/Products/Debug/College.app/Contents/PlugIns/CollegeTests.xctest/Contents/Resources/CollegeCalendar_CollegeCalendar.bundle -scanforprivacyfile /Users/timothy/Library/Developer/Xcode/DerivedData/College-epvsvfynvajfchhepfkvpvqvkjfx/Build/Products/Debug/College.app/Contents/PlugIns/CollegeTests.xctest/Contents/Resources/CollegeCareer_CollegeCareer.bundle -scanforprivacyfile /Users/timothy/Library/Developer/Xcode/DerivedData/College-epvsvfynvajfchhepfkvpvqvkjfx/Build/Products/Debug/College.app/Contents/PlugIns/CollegeTests.xctest/Contents/Resources/CollegeDesignSystem_CollegeDesignSystem.bundle -scanforprivacyfile /Users/timothy/Library/Developer/Xcode/DerivedData/College-epvsvfynvajfchhepfkvpvqvkjfx/Build/Products/Debug/College.app/Contents/PlugIns/CollegeTests.xctest/Contents/Resources/mlx-swift_Cmlx.bundle -scanforprivacyfile /Users/timothy/Library/Developer/Xcode/DerivedData/College-epvsvfynvajfchhepfkvpvqvkjfx/Build/Products/Debug/College.app/Contents/PlugIns/CollegeTests.xctest/Contents/Resources/swift-crypto_Crypto.bundle -scanforprivacyfile /Users/timothy/Library/Developer/Xcode/DerivedData/College-epvsvfynvajfchhepfkvpvqvkjfx/Build/Products/Debug/College.app/Contents/PlugIns/CollegeTests.xctest/Contents/Resources/swift-transformers_Hub.bundle -o /Users/timothy/Library/Developer/Xcode/DerivedData/College-epvsvfynvajfchhepfkvpvqvkjfx/Build/Products/Debug/College.app/Contents/PlugIns/CollegeTests.xctest/Contents/Info.plist

CopySwiftLibs /Users/timothy/Library/Developer/Xcode/DerivedData/College-epvsvfynvajfchhepfkvpvqvkjfx/Build/Products/Debug/College.app/Contents/PlugIns/CollegeTests.xctest (in target 'CollegeTests' from project 'College')
    cd /Users/timothy/Desktop/College
    builtin-swiftStdLibTool --copy --verbose --sign 2C23443886681E96C8185BC625E1A1722999289C --scan-executable /Users/timothy/Library/Developer/Xcode/DerivedData/College-epvsvfynvajfchhepfkvpvqvkjfx/Build/Products/Debug/College.app/Contents/PlugIns/CollegeTests.xctest/Contents/MacOS/CollegeTests --scan-folder /Users/timothy/Library/Developer/Xcode/DerivedData/College-epvsvfynvajfchhepfkvpvqvkjfx/Build/Products/Debug/College.app/Contents/PlugIns/CollegeTests.xctest/Contents/Frameworks --scan-folder /Users/timothy/Library/Developer/Xcode/DerivedData/College-epvsvfynvajfchhepfkvpvqvkjfx/Build/Products/Debug/College.app/Contents/PlugIns/CollegeTests.xctest/Contents/PlugIns --scan-folder /Users/timothy/Library/Developer/Xcode/DerivedData/College-epvsvfynvajfchhepfkvpvqvkjfx/Build/Products/Debug/College.app/Contents/PlugIns/CollegeTests.xctest/Contents/Library/SystemExtensions --scan-folder /Users/timothy/Library/Developer/Xcode/DerivedData/College-epvsvfynvajfchhepfkvpvqvkjfx/Build/Products/Debug/College.app/Contents/PlugIns/CollegeTests.xctest/Contents/Extensions --scan-folder /Users/timothy/Library/Developer/Xcode/DerivedData/College-epvsvfynvajfchhepfkvpvqvkjfx/Build/Products/Debug/PackageFrameworks/CollegeCalendar_7E86BBC92F2BDEE4_PackageProduct.framework --scan-folder /Users/timothy/Library/Developer/Xcode/DerivedData/College-epvsvfynvajfchhepfkvpvqvkjfx/Build/Products/Debug/PackageFrameworks/CollegeAcademics_-4329A9097F7A7DBB_PackageProduct.framework --scan-folder /Users/timothy/Library/Developer/Xcode/DerivedData/College-epvsvfynvajfchhepfkvpvqvkjfx/Build/Products/Debug/PackageFrameworks/CollegeCareer_17F9C394D2AB8A1A_PackageProduct.framework --scan-folder /Users/timothy/Library/Developer/Xcode/DerivedData/College-epvsvfynvajfchhepfkvpvqvkjfx/Build/Products/Debug/PackageFrameworks/CollegeDesignSystem_-8EAA6EFB0962A53_PackageProduct.framework --platform macosx --toolchain /var/run/com.apple.security.cryptexd/mnt/com.apple.MobileAsset.MetalToolchain-v17.6.42.0.e6Gx1r/Metal.xctoolchain --toolchain /Applications/Xcode.app/Contents/Developer/Toolchains/XcodeDefault.xctoolchain --destination /Users/timothy/Library/Developer/Xcode/DerivedData/College-epvsvfynvajfchhepfkvpvqvkjfx/Build/Products/Debug/College.app/Contents/PlugIns/CollegeTests.xctest/Contents/Frameworks --strip-bitcode --scan-executable /Applications/Xcode.app/Contents/Developer/Platforms/MacOSX.platform/Developer/usr/lib/libXCTestSwiftSupport.dylib --strip-bitcode-tool /Applications/Xcode.app/Contents/Developer/Toolchains/XcodeDefault.xctoolchain/usr/bin/bitcode_strip --emit-dependency-info /Users/timothy/Library/Developer/Xcode/DerivedData/College-epvsvfynvajfchhepfkvpvqvkjfx/Build/Intermediates.noindex/College.build/Debug/CollegeTests.build/SwiftStdLibToolInputDependencies.dep --filter-for-swift-os

ProcessInfoPlistFile /Users/timothy/Library/Developer/Xcode/DerivedData/College-epvsvfynvajfchhepfkvpvqvkjfx/Build/Products/Debug/CollegeUITests-Runner.app/Contents/PlugIns/CollegeUITests.xctest/Contents/Info.plist /Users/timothy/Library/Developer/Xcode/DerivedData/College-epvsvfynvajfchhepfkvpvqvkjfx/Build/Intermediates.noindex/College.build/Debug/CollegeUITests.build/empty-CollegeUITests.plist (in target 'CollegeUITests' from project 'College')
    cd /Users/timothy/Desktop/College
    builtin-infoPlistUtility /Users/timothy/Library/Developer/Xcode/DerivedData/College-epvsvfynvajfchhepfkvpvqvkjfx/Build/Intermediates.noindex/College.build/Debug/CollegeUITests.build/empty-CollegeUITests.plist -producttype com.apple.product-type.bundle.ui-testing -expandbuildsettings -platform macosx -additionalcontentfile /Users/timothy/Library/Developer/Xcode/DerivedData/College-epvsvfynvajfchhepfkvpvqvkjfx/Build/Intermediates.noindex/College.build/Debug/CollegeUITests.build/ProductTypeInfoPlistAdditions.plist -o /Users/timothy/Library/Developer/Xcode/DerivedData/College-epvsvfynvajfchhepfkvpvqvkjfx/Build/Products/Debug/CollegeUITests-Runner.app/Contents/PlugIns/CollegeUITests.xctest/Contents/Info.plist

CopySwiftLibs /Users/timothy/Library/Developer/Xcode/DerivedData/College-epvsvfynvajfchhepfkvpvqvkjfx/Build/Products/Debug/CollegeUITests-Runner.app/Contents/PlugIns/CollegeUITests.xctest (in target 'CollegeUITests' from project 'College')
    cd /Users/timothy/Desktop/College
    builtin-swiftStdLibTool --copy --verbose --sign 2C23443886681E96C8185BC625E1A1722999289C --scan-executable /Users/timothy/Library/Developer/Xcode/DerivedData/College-epvsvfynvajfchhepfkvpvqvkjfx/Build/Products/Debug/CollegeUITests-Runner.app/Contents/PlugIns/CollegeUITests.xctest/Contents/MacOS/CollegeUITests --scan-folder /Users/timothy/Library/Developer/Xcode/DerivedData/College-epvsvfynvajfchhepfkvpvqvkjfx/Build/Products/Debug/CollegeUITests-Runner.app/Contents/PlugIns/CollegeUITests.xctest/Contents/Frameworks --scan-folder /Users/timothy/Library/Developer/Xcode/DerivedData/College-epvsvfynvajfchhepfkvpvqvkjfx/Build/Products/Debug/CollegeUITests-Runner.app/Contents/PlugIns/CollegeUITests.xctest/Contents/PlugIns --scan-folder /Users/timothy/Library/Developer/Xcode/DerivedData/College-epvsvfynvajfchhepfkvpvqvkjfx/Build/Products/Debug/CollegeUITests-Runner.app/Contents/PlugIns/CollegeUITests.xctest/Contents/Library/SystemExtensions --scan-folder /Users/timothy/Library/Developer/Xcode/DerivedData/College-epvsvfynvajfchhepfkvpvqvkjfx/Build/Products/Debug/CollegeUITests-Runner.app/Contents/PlugIns/CollegeUITests.xctest/Contents/Extensions --platform macosx --toolchain /var/run/com.apple.security.cryptexd/mnt/com.apple.MobileAsset.MetalToolchain-v17.6.42.0.e6Gx1r/Metal.xctoolchain --toolchain /Applications/Xcode.app/Contents/Developer/Toolchains/XcodeDefault.xctoolchain --destination /Users/timothy/Library/Developer/Xcode/DerivedData/College-epvsvfynvajfchhepfkvpvqvkjfx/Build/Products/Debug/CollegeUITests-Runner.app/Contents/PlugIns/CollegeUITests.xctest/Contents/Frameworks --strip-bitcode --scan-executable /Applications/Xcode.app/Contents/Developer/Platforms/MacOSX.platform/Developer/usr/lib/libXCTestSwiftSupport.dylib --strip-bitcode-tool /Applications/Xcode.app/Contents/Developer/Toolchains/XcodeDefault.xctoolchain/usr/bin/bitcode_strip --emit-dependency-info /Users/timothy/Library/Developer/Xcode/DerivedData/College-epvsvfynvajfchhepfkvpvqvkjfx/Build/Intermediates.noindex/College.build/Debug/CollegeUITests.build/SwiftStdLibToolInputDependencies.dep --filter-for-swift-os

2026-06-14 02:10:29.108 xcodebuild[18807:5860385] [MT] IDETestOperationsObserverDebug: 27.712 elapsed -- Testing started completed.
2026-06-14 02:10:29.108 xcodebuild[18807:5860385] [MT] IDETestOperationsObserverDebug: 0.000 sec, +0.000 sec -- start
2026-06-14 02:10:29.108 xcodebuild[18807:5860385] [MT] IDETestOperationsObserverDebug: 27.712 sec, +27.712 sec -- end

Test session results, code coverage, and logs:
	/Users/timothy/Library/Developer/Xcode/DerivedData/College-epvsvfynvajfchhepfkvpvqvkjfx/Logs/Test/Test-College-2026.06.14_02-09-56--0400.xcresult

** TEST SUCCEEDED **

Testing started
Test suite 'CourseLeafLiveSiteSmokeTests' started on 'My Mac - College (19038)'
Test case 'CourseLeafLiveSiteSmokeTests.testCMUCourseLeafLiveCrawl()' passed on 'My Mac - College (19038)' (24.744 seconds)
